#! /usr/bin/vvp
:ivl_version "11.0 (stable)";
:ivl_delay_selection "TYPICAL";
:vpi_time_precision - 12;
:vpi_module "/usr/lib/x86_64-linux-gnu/ivl/system.vpi";
:vpi_module "/usr/lib/x86_64-linux-gnu/ivl/vhdl_sys.vpi";
:vpi_module "/usr/lib/x86_64-linux-gnu/ivl/vhdl_textio.vpi";
:vpi_module "/usr/lib/x86_64-linux-gnu/ivl/v2005_math.vpi";
:vpi_module "/usr/lib/x86_64-linux-gnu/ivl/va_math.vpi";
:vpi_module "/usr/lib/x86_64-linux-gnu/ivl/v2009.vpi";
S_0x555b6afabea0 .scope package, "$unit" "$unit" 2 1;
 .timescale 0 0;
S_0x555b6afac030 .scope module, "dbg3" "dbg3" 3 2;
 .timescale -9 -12;
v0x555b6afb6020_0 .net "buf_sel", 0 0, L_0x555b6afb59a0;  1 drivers
v0x555b6afd89f0_0 .net "capture_loop", 0 0, v0x555b6afd6e00_0;  1 drivers
v0x555b6afd8a90_0 .var "clk", 0 0;
v0x555b6afd8b30_0 .var/2s "cyc", 31 0;
v0x555b6afd8bd0_0 .var "host_start", 0 0;
v0x555b6afd8c70_0 .net "layer_counter_out", 7 0, L_0x555b6af8efa0;  1 drivers
v0x555b6afd8d10_0 .var "layer_done", 0 0;
v0x555b6afd8de0_0 .var "metadata_in", 63 0;
v0x555b6afd8eb0_0 .var "metadata_valid", 0 0;
v0x555b6afd8f80_0 .net "output_token_valid", 0 0, v0x555b6afd7840_0;  1 drivers
v0x555b6afd9050_0 .net "pipeline_busy", 0 0, v0x555b6afd7900_0;  1 drivers
v0x555b6afd9120_0 .var "rst_n", 0 0;
v0x555b6afd91f0_0 .net "sel_external", 0 0, v0x555b6afd7b60_0;  1 drivers
v0x555b6afd92c0_0 .var "softmax_done", 0 0;
v0x555b6afd9390_0 .net "start_layer", 0 0, v0x555b6afd7ce0_0;  1 drivers
v0x555b6afd9460_0 .net "state_out", 3 0, v0x555b6afd7f40_0;  1 drivers
v0x555b6afd9530_0 .net "weight_layer_idx", 7 0, v0x555b6afd8490_0;  1 drivers
v0x555b6afd9600_0 .net "weight_load_en", 0 0, v0x555b6afd8570_0;  1 drivers
v0x555b6afd96d0_0 .var "weight_ready", 0 0;
E_0x555b6afadd50 .event posedge, v0x555b6afd6ec0_0;
E_0x555b6afadab0 .event negedge, v0x555b6afd6ec0_0;
S_0x555b6afac1c0 .scope module, "dut" "occp_pipeline_fsm" 3 12, 4 20 0, S_0x555b6afac030;
 .timescale -9 -12;
    .port_info 0 /INPUT 1 "clk";
    .port_info 1 /INPUT 1 "rst_n";
    .port_info 2 /INPUT 1 "host_start";
    .port_info 3 /INPUT 64 "metadata_in";
    .port_info 4 /INPUT 1 "metadata_valid";
    .port_info 5 /INPUT 1 "layer_done";
    .port_info 6 /INPUT 1 "softmax_done";
    .port_info 7 /INPUT 1 "weight_ready";
    .port_info 8 /OUTPUT 1 "sel_external";
    .port_info 9 /OUTPUT 1 "capture_loop";
    .port_info 10 /OUTPUT 1 "start_layer";
    .port_info 11 /OUTPUT 1 "buf_sel";
    .port_info 12 /OUTPUT 1 "weight_load_en";
    .port_info 13 /OUTPUT 8 "weight_layer_idx";
    .port_info 14 /OUTPUT 1 "output_token_valid";
    .port_info 15 /OUTPUT 1 "pipeline_busy";
    .port_info 16 /OUTPUT 8 "layer_counter_out";
    .port_info 17 /OUTPUT 4 "state_out";
P_0x555b6afb8360 .param/l "MAX_LAYERS" 0 4 21, +C4<00000000000000000000000010000000>;
P_0x555b6afb83a0 .param/l "S_COMPUTE" 1 4 68, C4<0100>;
P_0x555b6afb83e0 .param/l "S_ERROR" 1 4 72, C4<1000>;
P_0x555b6afb8420 .param/l "S_IDLE" 1 4 64, C4<0000>;
P_0x555b6afb8460 .param/l "S_LOAD_LAYER_0" 1 4 67, C4<0011>;
P_0x555b6afb84a0 .param/l "S_LOAD_META" 1 4 65, C4<0001>;
P_0x555b6afb84e0 .param/l "S_LOOP_CHECK" 1 4 70, C4<0110>;
P_0x555b6afb8520 .param/l "S_OUTPUT_TOKEN" 1 4 71, C4<0111>;
P_0x555b6afb8560 .param/l "S_PREFETCH_W" 1 4 66, C4<0010>;
P_0x555b6afb85a0 .param/l "S_WAIT_DONE" 1 4 69, C4<0101>;
L_0x555b6afb59a0 .functor BUFZ 1, L_0x555b6afd98d0, C4<0>, C4<0>, C4<0>;
L_0x555b6afb5ec0 .functor AND 1, v0x555b6afd8d10_0, v0x555b6afd92c0_0, C4<1>, C4<1>;
L_0x555b6afb6130 .functor AND 1, L_0x555b6afd9b00, L_0x555b6afd9ba0, C4<1>, C4<1>;
L_0x555b6af8e180 .functor AND 1, L_0x555b6afd9e50, v0x555b6afd8eb0_0, C4<1>, C4<1>;
L_0x555b6af8efa0 .functor BUFZ 8, v0x555b6afd7a80_0, C4<00000000>, C4<00000000>, C4<00000000>;
L_0x7f9c039a5018 .functor BUFT 1, C4<00000001>, C4<0>, C4<0>, C4<0>;
v0x555b6afb6250_0 .net/2u *"_ivl_0", 7 0, L_0x7f9c039a5018;  1 drivers
v0x555b6af8e2e0_0 .net *"_ivl_10", 0 0, L_0x555b6afd9b00;  1 drivers
L_0x7f9c039a5060 .functor BUFT 1, C4<00000000>, C4<0>, C4<0>, C4<0>;
v0x555b6af8e380_0 .net/2u *"_ivl_12", 7 0, L_0x7f9c039a5060;  1 drivers
v0x555b6af8f100_0 .net *"_ivl_14", 0 0, L_0x555b6afd9ba0;  1 drivers
L_0x7f9c039a50a8 .functor BUFT 1, C4<0001>, C4<0>, C4<0>, C4<0>;
v0x555b6af8f1a0_0 .net/2u *"_ivl_20", 3 0, L_0x7f9c039a50a8;  1 drivers
v0x555b6af5c370_0 .net *"_ivl_22", 0 0, L_0x555b6afd9e50;  1 drivers
v0x555b6afd6c80_0 .net "buf_sel", 0 0, L_0x555b6afb59a0;  alias, 1 drivers
v0x555b6afd6d40_0 .net "buf_sel_bit", 0 0, L_0x555b6afd98d0;  1 drivers
v0x555b6afd6e00_0 .var "capture_loop", 0 0;
v0x555b6afd6ec0_0 .net "clk", 0 0, v0x555b6afd8a90_0;  1 drivers
v0x555b6afd6f80_0 .net "current_is_last", 0 0, L_0x555b6afb6130;  1 drivers
v0x555b6afd7040_0 .net "done_edge", 0 0, L_0x555b6afb5ec0;  1 drivers
v0x555b6afd7100_0 .net "has_next_layer", 0 0, L_0x555b6afd9db0;  1 drivers
v0x555b6afd71c0_0 .net "host_start", 0 0, v0x555b6afd8bd0_0;  1 drivers
v0x555b6afd7280_0 .var "is_last_layer", 0 0;
v0x555b6afd7340_0 .net "layer_counter_out", 7 0, L_0x555b6af8efa0;  alias, 1 drivers
v0x555b6afd7420_0 .net "layer_done", 0 0, v0x555b6afd8d10_0;  1 drivers
v0x555b6afd74e0_0 .net "metadata_in", 63 0, v0x555b6afd8de0_0;  1 drivers
v0x555b6afd75c0_0 .net "metadata_valid", 0 0, v0x555b6afd8eb0_0;  1 drivers
v0x555b6afd7680_0 .net "next_layer_num", 7 0, L_0x555b6afd97d0;  1 drivers
v0x555b6afd7760_0 .var "next_state", 3 0;
v0x555b6afd7840_0 .var "output_token_valid", 0 0;
v0x555b6afd7900_0 .var "pipeline_busy", 0 0;
v0x555b6afd79c0_0 .net "rst_n", 0 0, v0x555b6afd9120_0;  1 drivers
v0x555b6afd7a80_0 .var "running_count", 7 0;
v0x555b6afd7b60_0 .var "sel_external", 0 0;
v0x555b6afd7c20_0 .net "softmax_done", 0 0, v0x555b6afd92c0_0;  1 drivers
v0x555b6afd7ce0_0 .var "start_layer", 0 0;
v0x555b6afd7da0_0 .net "start_new_token", 0 0, L_0x555b6af8e180;  1 drivers
v0x555b6afd7e60_0 .var "state", 3 0;
v0x555b6afd7f40_0 .var "state_out", 3 0;
v0x555b6afd8020_0 .var "token_pending", 0 0;
v0x555b6afd80e0_0 .var "token_pulse", 0 0;
v0x555b6afd83b0_0 .var "total_layers_reg", 7 0;
v0x555b6afd8490_0 .var "weight_layer_idx", 7 0;
v0x555b6afd8570_0 .var "weight_load_en", 0 0;
v0x555b6afd8630_0 .net "weight_ready", 0 0, v0x555b6afd96d0_0;  1 drivers
E_0x555b6afad320/0 .event edge, v0x555b6afd7e60_0, v0x555b6afd7a80_0, v0x555b6afd7100_0, v0x555b6afd6f80_0;
E_0x555b6afad320/1 .event edge, v0x555b6afd7280_0, v0x555b6afd80e0_0;
E_0x555b6afad320 .event/or E_0x555b6afad320/0, E_0x555b6afad320/1;
E_0x555b6af88a30/0 .event negedge, v0x555b6afd79c0_0;
E_0x555b6af88a30/1 .event posedge, v0x555b6afd6ec0_0;
E_0x555b6af88a30 .event/or E_0x555b6af88a30/0, E_0x555b6af88a30/1;
E_0x555b6af9acc0/0 .event edge, v0x555b6afd7e60_0, v0x555b6afd71c0_0, v0x555b6afd75c0_0, v0x555b6afd8630_0;
E_0x555b6af9acc0/1 .event edge, v0x555b6afd7040_0, v0x555b6afd7280_0, v0x555b6afd8020_0;
E_0x555b6af9acc0 .event/or E_0x555b6af9acc0/0, E_0x555b6af9acc0/1;
L_0x555b6afd97d0 .arith/sum 8, v0x555b6afd7a80_0, L_0x7f9c039a5018;
L_0x555b6afd98d0 .part L_0x555b6afd97d0, 0, 1;
L_0x555b6afd9b00 .cmp/ge 8, L_0x555b6afd97d0, v0x555b6afd83b0_0;
L_0x555b6afd9ba0 .cmp/ne 8, v0x555b6afd83b0_0, L_0x7f9c039a5060;
L_0x555b6afd9db0 .cmp/gt 8, v0x555b6afd83b0_0, L_0x555b6afd97d0;
L_0x555b6afd9e50 .cmp/eq 4, v0x555b6afd7760_0, L_0x7f9c039a50a8;
    .scope S_0x555b6afac1c0;
T_0 ;
Ewait_0 .event/or E_0x555b6af9acc0, E_0x0;
    %wait Ewait_0;
    %load/vec4 v0x555b6afd7e60_0;
    %store/vec4 v0x555b6afd7760_0, 0, 4;
    %load/vec4 v0x555b6afd7e60_0;
    %dup/vec4;
    %pushi/vec4 0, 0, 4;
    %cmp/u;
    %jmp/1 T_0.0, 6;
    %dup/vec4;
    %pushi/vec4 1, 0, 4;
    %cmp/u;
    %jmp/1 T_0.1, 6;
    %dup/vec4;
    %pushi/vec4 2, 0, 4;
    %cmp/u;
    %jmp/1 T_0.2, 6;
    %dup/vec4;
    %pushi/vec4 3, 0, 4;
    %cmp/u;
    %jmp/1 T_0.3, 6;
    %dup/vec4;
    %pushi/vec4 4, 0, 4;
    %cmp/u;
    %jmp/1 T_0.4, 6;
    %dup/vec4;
    %pushi/vec4 5, 0, 4;
    %cmp/u;
    %jmp/1 T_0.5, 6;
    %dup/vec4;
    %pushi/vec4 6, 0, 4;
    %cmp/u;
    %jmp/1 T_0.6, 6;
    %dup/vec4;
    %pushi/vec4 7, 0, 4;
    %cmp/u;
    %jmp/1 T_0.7, 6;
    %dup/vec4;
    %pushi/vec4 8, 0, 4;
    %cmp/u;
    %jmp/1 T_0.8, 6;
    %pushi/vec4 8, 0, 4;
    %store/vec4 v0x555b6afd7760_0, 0, 4;
    %jmp T_0.10;
T_0.0 ;
    %load/vec4 v0x555b6afd71c0_0;
    %load/vec4 v0x555b6afd75c0_0;
    %and;
    %flag_set/vec4 8;
    %jmp/0xz  T_0.11, 8;
    %pushi/vec4 1, 0, 4;
    %store/vec4 v0x555b6afd7760_0, 0, 4;
T_0.11 ;
    %jmp T_0.10;
T_0.1 ;
    %pushi/vec4 2, 0, 4;
    %store/vec4 v0x555b6afd7760_0, 0, 4;
    %jmp T_0.10;
T_0.2 ;
    %load/vec4 v0x555b6afd8630_0;
    %flag_set/vec4 8;
    %jmp/0xz  T_0.13, 8;
    %pushi/vec4 3, 0, 4;
    %store/vec4 v0x555b6afd7760_0, 0, 4;
T_0.13 ;
    %jmp T_0.10;
T_0.3 ;
    %pushi/vec4 4, 0, 4;
    %store/vec4 v0x555b6afd7760_0, 0, 4;
    %jmp T_0.10;
T_0.4 ;
    %pushi/vec4 5, 0, 4;
    %store/vec4 v0x555b6afd7760_0, 0, 4;
    %jmp T_0.10;
T_0.5 ;
    %load/vec4 v0x555b6afd7040_0;
    %flag_set/vec4 8;
    %jmp/0xz  T_0.15, 8;
    %pushi/vec4 6, 0, 4;
    %store/vec4 v0x555b6afd7760_0, 0, 4;
T_0.15 ;
    %jmp T_0.10;
T_0.6 ;
    %load/vec4 v0x555b6afd7280_0;
    %flag_set/vec4 8;
    %jmp/0xz  T_0.17, 8;
    %pushi/vec4 7, 0, 4;
    %store/vec4 v0x555b6afd7760_0, 0, 4;
    %jmp T_0.18;
T_0.17 ;
    %pushi/vec4 2, 0, 4;
    %store/vec4 v0x555b6afd7760_0, 0, 4;
T_0.18 ;
    %jmp T_0.10;
T_0.7 ;
    %load/vec4 v0x555b6afd8020_0;
    %nor/r;
    %flag_set/vec4 8;
    %jmp/0xz  T_0.19, 8;
    %pushi/vec4 0, 0, 4;
    %store/vec4 v0x555b6afd7760_0, 0, 4;
    %jmp T_0.20;
T_0.19 ;
    %pushi/vec4 1, 0, 4;
    %store/vec4 v0x555b6afd7760_0, 0, 4;
T_0.20 ;
    %jmp T_0.10;
T_0.8 ;
    %pushi/vec4 0, 0, 4;
    %store/vec4 v0x555b6afd7760_0, 0, 4;
    %jmp T_0.10;
T_0.10 ;
    %pop/vec4 1;
    %jmp T_0;
    .thread T_0, $push;
    .scope S_0x555b6afac1c0;
T_1 ;
    %wait E_0x555b6af88a30;
    %load/vec4 v0x555b6afd79c0_0;
    %nor/r;
    %flag_set/vec4 8;
    %jmp/0xz  T_1.0, 8;
    %pushi/vec4 0, 0, 4;
    %assign/vec4 v0x555b6afd7e60_0, 0;
    %pushi/vec4 0, 0, 8;
    %assign/vec4 v0x555b6afd83b0_0, 0;
    %jmp T_1.1;
T_1.0 ;
    %load/vec4 v0x555b6afd7760_0;
    %assign/vec4 v0x555b6afd7e60_0, 0;
    %load/vec4 v0x555b6afd7760_0;
    %pushi/vec4 1, 0, 4;
    %cmp/e;
    %flag_get/vec4 4;
    %load/vec4 v0x555b6afd75c0_0;
    %and;
    %flag_set/vec4 8;
    %jmp/0xz  T_1.2, 8;
    %load/vec4 v0x555b6afd74e0_0;
    %parti/s 8, 0, 2;
    %assign/vec4 v0x555b6afd83b0_0, 0;
T_1.2 ;
    %load/vec4 v0x555b6afd7e60_0;
    %cmpi/e 8, 0, 4;
    %jmp/0xz  T_1.4, 4;
    %pushi/vec4 0, 0, 8;
    %assign/vec4 v0x555b6afd83b0_0, 0;
T_1.4 ;
T_1.1 ;
    %jmp T_1;
    .thread T_1;
    .scope S_0x555b6afac1c0;
T_2 ;
    %wait E_0x555b6af88a30;
    %load/vec4 v0x555b6afd79c0_0;
    %nor/r;
    %flag_set/vec4 8;
    %jmp/0xz  T_2.0, 8;
    %pushi/vec4 0, 0, 8;
    %assign/vec4 v0x555b6afd7a80_0, 0;
    %jmp T_2.1;
T_2.0 ;
    %load/vec4 v0x555b6afd7da0_0;
    %flag_set/vec4 8;
    %jmp/0xz  T_2.2, 8;
    %pushi/vec4 0, 0, 8;
    %assign/vec4 v0x555b6afd7a80_0, 0;
    %jmp T_2.3;
T_2.2 ;
    %load/vec4 v0x555b6afd7e60_0;
    %pushi/vec4 5, 0, 4;
    %cmp/e;
    %flag_get/vec4 4;
    %load/vec4 v0x555b6afd7040_0;
    %and;
    %flag_set/vec4 8;
    %jmp/0xz  T_2.4, 8;
    %load/vec4 v0x555b6afd7a80_0;
    %addi 1, 0, 8;
    %assign/vec4 v0x555b6afd7a80_0, 0;
    %jmp T_2.5;
T_2.4 ;
    %load/vec4 v0x555b6afd7e60_0;
    %cmpi/e 7, 0, 4;
    %flag_mov 8, 4;
    %load/vec4 v0x555b6afd7e60_0;
    %cmpi/e 8, 0, 4;
    %flag_or 4, 8;
    %jmp/0xz  T_2.6, 4;
    %pushi/vec4 0, 0, 8;
    %assign/vec4 v0x555b6afd7a80_0, 0;
T_2.6 ;
T_2.5 ;
T_2.3 ;
T_2.1 ;
    %jmp T_2;
    .thread T_2;
    .scope S_0x555b6afac1c0;
T_3 ;
    %wait E_0x555b6af88a30;
    %load/vec4 v0x555b6afd79c0_0;
    %nor/r;
    %flag_set/vec4 8;
    %jmp/0xz  T_3.0, 8;
    %pushi/vec4 0, 0, 1;
    %assign/vec4 v0x555b6afd8020_0, 0;
    %pushi/vec4 0, 0, 1;
    %assign/vec4 v0x555b6afd80e0_0, 0;
    %jmp T_3.1;
T_3.0 ;
    %pushi/vec4 0, 0, 1;
    %assign/vec4 v0x555b6afd80e0_0, 0;
    %load/vec4 v0x555b6afd7e60_0;
    %pushi/vec4 5, 0, 4;
    %cmp/e;
    %flag_get/vec4 4;
    %load/vec4 v0x555b6afd7040_0;
    %and;
    %load/vec4 v0x555b6afd6f80_0;
    %and;
    %flag_set/vec4 8;
    %jmp/0xz  T_3.2, 8;
    %pushi/vec4 1, 0, 1;
    %assign/vec4 v0x555b6afd8020_0, 0;
    %jmp T_3.3;
T_3.2 ;
    %load/vec4 v0x555b6afd7e60_0;
    %cmpi/e 7, 0, 4;
    %jmp/0xz  T_3.4, 4;
    %load/vec4 v0x555b6afd8020_0;
    %assign/vec4 v0x555b6afd80e0_0, 0;
    %pushi/vec4 0, 0, 1;
    %assign/vec4 v0x555b6afd8020_0, 0;
    %jmp T_3.5;
T_3.4 ;
    %load/vec4 v0x555b6afd7e60_0;
    %cmpi/e 0, 0, 4;
    %flag_mov 8, 4;
    %load/vec4 v0x555b6afd7e60_0;
    %cmpi/e 8, 0, 4;
    %flag_or 4, 8;
    %jmp/0xz  T_3.6, 4;
    %pushi/vec4 0, 0, 1;
    %assign/vec4 v0x555b6afd8020_0, 0;
T_3.6 ;
T_3.5 ;
T_3.3 ;
T_3.1 ;
    %jmp T_3;
    .thread T_3;
    .scope S_0x555b6afac1c0;
T_4 ;
Ewait_1 .event/or E_0x555b6afad320, E_0x0;
    %wait Ewait_1;
    %pushi/vec4 0, 0, 1;
    %store/vec4 v0x555b6afd7b60_0, 0, 1;
    %pushi/vec4 0, 0, 1;
    %store/vec4 v0x555b6afd6e00_0, 0, 1;
    %pushi/vec4 0, 0, 1;
    %store/vec4 v0x555b6afd7ce0_0, 0, 1;
    %pushi/vec4 0, 0, 1;
    %store/vec4 v0x555b6afd8570_0, 0, 1;
    %pushi/vec4 0, 0, 8;
    %store/vec4 v0x555b6afd8490_0, 0, 8;
    %pushi/vec4 0, 0, 1;
    %store/vec4 v0x555b6afd7840_0, 0, 1;
    %load/vec4 v0x555b6afd7e60_0;
    %pushi/vec4 0, 0, 4;
    %cmp/ne;
    %flag_get/vec4 4;
    %store/vec4 v0x555b6afd7900_0, 0, 1;
    %load/vec4 v0x555b6afd7e60_0;
    %store/vec4 v0x555b6afd7f40_0, 0, 4;
    %load/vec4 v0x555b6afd7e60_0;
    %dup/vec4;
    %pushi/vec4 0, 0, 4;
    %cmp/u;
    %jmp/1 T_4.0, 6;
    %dup/vec4;
    %pushi/vec4 1, 0, 4;
    %cmp/u;
    %jmp/1 T_4.1, 6;
    %dup/vec4;
    %pushi/vec4 2, 0, 4;
    %cmp/u;
    %jmp/1 T_4.2, 6;
    %dup/vec4;
    %pushi/vec4 3, 0, 4;
    %cmp/u;
    %jmp/1 T_4.3, 6;
    %dup/vec4;
    %pushi/vec4 4, 0, 4;
    %cmp/u;
    %jmp/1 T_4.4, 6;
    %dup/vec4;
    %pushi/vec4 5, 0, 4;
    %cmp/u;
    %jmp/1 T_4.5, 6;
    %dup/vec4;
    %pushi/vec4 6, 0, 4;
    %cmp/u;
    %jmp/1 T_4.6, 6;
    %dup/vec4;
    %pushi/vec4 7, 0, 4;
    %cmp/u;
    %jmp/1 T_4.7, 6;
    %dup/vec4;
    %pushi/vec4 8, 0, 4;
    %cmp/u;
    %jmp/1 T_4.8, 6;
    %jmp T_4.10;
T_4.0 ;
    %pushi/vec4 1, 0, 1;
    %store/vec4 v0x555b6afd7b60_0, 0, 1;
    %jmp T_4.10;
T_4.1 ;
    %jmp T_4.10;
T_4.2 ;
    %pushi/vec4 1, 0, 1;
    %store/vec4 v0x555b6afd8570_0, 0, 1;
    %load/vec4 v0x555b6afd7a80_0;
    %addi 1, 0, 8;
    %store/vec4 v0x555b6afd8490_0, 0, 8;
    %jmp T_4.10;
T_4.3 ;
    %load/vec4 v0x555b6afd7a80_0;
    %pushi/vec4 0, 0, 8;
    %cmp/e;
    %flag_get/vec4 4;
    %store/vec4 v0x555b6afd7b60_0, 0, 1;
    %load/vec4 v0x555b6afd7100_0;
    %store/vec4 v0x555b6afd8570_0, 0, 1;
    %load/vec4 v0x555b6afd7100_0;
    %flag_set/vec4 8;
    %jmp/0xz  T_4.11, 8;
    %load/vec4 v0x555b6afd7a80_0;
    %addi 2, 0, 8;
    %store/vec4 v0x555b6afd8490_0, 0, 8;
T_4.11 ;
    %jmp T_4.10;
T_4.4 ;
    %pushi/vec4 1, 0, 1;
    %store/vec4 v0x555b6afd7ce0_0, 0, 1;
    %load/vec4 v0x555b6afd7a80_0;
    %pushi/vec4 0, 0, 8;
    %cmp/e;
    %flag_get/vec4 4;
    %store/vec4 v0x555b6afd7b60_0, 0, 1;
    %load/vec4 v0x555b6afd6f80_0;
    %nor/r;
    %store/vec4 v0x555b6afd6e00_0, 0, 1;
    %load/vec4 v0x555b6afd7100_0;
    %store/vec4 v0x555b6afd8570_0, 0, 1;
    %load/vec4 v0x555b6afd7100_0;
    %flag_set/vec4 8;
    %jmp/0xz  T_4.13, 8;
    %load/vec4 v0x555b6afd7a80_0;
    %addi 2, 0, 8;
    %store/vec4 v0x555b6afd8490_0, 0, 8;
T_4.13 ;
    %jmp T_4.10;
T_4.5 ;
    %load/vec4 v0x555b6afd6f80_0;
    %nor/r;
    %store/vec4 v0x555b6afd6e00_0, 0, 1;
    %jmp T_4.10;
T_4.6 ;
    %load/vec4 v0x555b6afd7280_0;
    %nor/r;
    %store/vec4 v0x555b6afd6e00_0, 0, 1;
    %jmp T_4.10;
T_4.7 ;
    %load/vec4 v0x555b6afd80e0_0;
    %store/vec4 v0x555b6afd7840_0, 0, 1;
    %jmp T_4.10;
T_4.8 ;
    %jmp T_4.10;
T_4.10 ;
    %pop/vec4 1;
    %jmp T_4;
    .thread T_4, $push;
    .scope S_0x555b6afac030;
T_5 ;
    %pushi/vec4 0, 0, 1;
    %store/vec4 v0x555b6afd8a90_0, 0, 1;
    %pushi/vec4 0, 0, 32;
    %store/vec4 v0x555b6afd8b30_0, 0, 32;
    %end;
    .thread T_5, $init;
    .scope S_0x555b6afac030;
T_6 ;
    %delay 5000, 0;
    %load/vec4 v0x555b6afd8a90_0;
    %inv;
    %store/vec4 v0x555b6afd8a90_0, 0, 1;
    %jmp T_6;
    .thread T_6;
    .scope S_0x555b6afac030;
T_7 ;
    %vpi_call/w 3 15 "$display", "cyc st run tot pend pulse ldone sdone wready" {0 0 0};
    %pushi/vec4 0, 0, 1;
    %store/vec4 v0x555b6afd9120_0, 0, 1;
    %pushi/vec4 0, 0, 1;
    %store/vec4 v0x555b6afd8bd0_0, 0, 1;
    %pushi/vec4 0, 0, 1;
    %store/vec4 v0x555b6afd8eb0_0, 0, 1;
    %pushi/vec4 0, 0, 64;
    %store/vec4 v0x555b6afd8de0_0, 0, 64;
    %pushi/vec4 0, 0, 1;
    %store/vec4 v0x555b6afd8d10_0, 0, 1;
    %pushi/vec4 0, 0, 1;
    %store/vec4 v0x555b6afd92c0_0, 0, 1;
    %pushi/vec4 0, 0, 1;
    %store/vec4 v0x555b6afd96d0_0, 0, 1;
    %delay 25000, 0;
    %pushi/vec4 1, 0, 1;
    %store/vec4 v0x555b6afd9120_0, 0, 1;
    %wait E_0x555b6afadab0;
    %pushi/vec4 1, 0, 1;
    %store/vec4 v0x555b6afd8bd0_0, 0, 1;
    %pushi/vec4 3, 0, 8;
    %ix/load 4, 0, 0;
    %flag_set/imm 4, 0;
    %store/vec4 v0x555b6afd8de0_0, 4, 8;
    %pushi/vec4 1, 0, 1;
    %store/vec4 v0x555b6afd8eb0_0, 0, 1;
    %wait E_0x555b6afadd50;
    %delay 1000, 0;
    %wait E_0x555b6afadab0;
    %pushi/vec4 0, 0, 1;
    %store/vec4 v0x555b6afd8bd0_0, 0, 1;
    %pushi/vec4 0, 0, 1;
    %store/vec4 v0x555b6afd8eb0_0, 0, 1;
    %pushi/vec4 40, 0, 32;
T_7.0 %dup/vec4;
    %pushi/vec4 0, 0, 32;
    %cmp/s;
    %jmp/1xz T_7.1, 5;
    %jmp/1 T_7.1, 4;
    %pushi/vec4 1, 0, 32;
    %sub;
    %vpi_call/w 3 23 "$display", "%3d %0d %0d %0d %b %b %b %b %b", v0x555b6afd8b30_0, v0x555b6afd9460_0, v0x555b6afd7a80_0, v0x555b6afd83b0_0, v0x555b6afd8020_0, v0x555b6afd80e0_0, v0x555b6afd8d10_0, v0x555b6afd92c0_0, v0x555b6afd96d0_0 {0 0 0};
    ; show_stmt_assign_vector: Get l-value for compressed += operand
    %load/vec4 v0x555b6afd8b30_0;
    %pushi/vec4 1, 0, 32;
    %add;
    %cast2;
    %store/vec4 v0x555b6afd8b30_0, 0, 32;
    %wait E_0x555b6afadab0;
    %load/vec4 v0x555b6afd9460_0;
    %cmpi/e 2, 0, 4;
    %jmp/0xz  T_7.2, 4;
    %pushi/vec4 1, 0, 1;
    %store/vec4 v0x555b6afd96d0_0, 0, 1;
    %jmp T_7.3;
T_7.2 ;
    %pushi/vec4 0, 0, 1;
    %store/vec4 v0x555b6afd96d0_0, 0, 1;
T_7.3 ;
    %load/vec4 v0x555b6afd9460_0;
    %cmpi/e 5, 0, 4;
    %jmp/0xz  T_7.4, 4;
    %pushi/vec4 1, 0, 1;
    %store/vec4 v0x555b6afd8d10_0, 0, 1;
    %pushi/vec4 1, 0, 1;
    %store/vec4 v0x555b6afd92c0_0, 0, 1;
    %jmp T_7.5;
T_7.4 ;
    %pushi/vec4 0, 0, 1;
    %store/vec4 v0x555b6afd8d10_0, 0, 1;
    %pushi/vec4 0, 0, 1;
    %store/vec4 v0x555b6afd92c0_0, 0, 1;
T_7.5 ;
    %wait E_0x555b6afadd50;
    %delay 1000, 0;
    %jmp T_7.0;
T_7.1 ;
    %pop/vec4 1;
    %vpi_call/w 3 34 "$finish" {0 0 0};
    %end;
    .thread T_7;
# The file index is used to find the file name in the following table.
:file_names 5;
    "N/A";
    "<interactive>";
    "-";
    "sim/dbg3.sv";
    "rtl/control/occp_pipeline_fsm.sv";
