#! /usr/bin/vvp
:ivl_version "11.0 (stable)";
:ivl_delay_selection "TYPICAL";
:vpi_time_precision - 12;
:vpi_module "/usr/lib/x86_64-linux-gnu/ivl/system.vpi";
:vpi_module "/usr/lib/x86_64-linux-gnu/ivl/vhdl_sys.vpi";
:vpi_module "/usr/lib/x86_64-linux-gnu/ivl/vhdl_textio.vpi";
:vpi_module "/usr/lib/x86_64-linux-gnu/ivl/v2005_math.vpi";
:vpi_module "/usr/lib/x86_64-linux-gnu/ivl/va_math.vpi";
:vpi_module "/usr/lib/x86_64-linux-gnu/ivl/v2009.vpi";
S_0x5591a7243e90 .scope package, "$unit" "$unit" 2 1;
 .timescale 0 0;
S_0x5591a7244020 .scope module, "dbg_fsm2" "dbg_fsm2" 3 2;
 .timescale -9 -12;
v0x5591a721ebd0_0 .net "buf_sel", 0 0, L_0x5591a724e3b0;  1 drivers
v0x5591a72722c0_0 .net "capture_loop", 0 0, v0x5591a7270790_0;  1 drivers
v0x5591a7272360_0 .var "clk", 0 0;
v0x5591a7272400_0 .var "host_start", 0 0;
v0x5591a72724d0_0 .net "layer_counter_out", 7 0, L_0x5591a7273db0;  1 drivers
v0x5591a7272570_0 .var "layer_done", 0 0;
v0x5591a7272640_0 .var "metadata_in", 63 0;
v0x5591a7272710_0 .var "metadata_valid", 0 0;
v0x5591a72727e0_0 .net "output_token_valid", 0 0, v0x5591a7271110_0;  1 drivers
v0x5591a72728b0_0 .net "pipeline_busy", 0 0, v0x5591a72711d0_0;  1 drivers
v0x5591a7272980_0 .var "rst_n", 0 0;
v0x5591a7272a50_0 .net "sel_external", 0 0, v0x5591a7271430_0;  1 drivers
v0x5591a7272b20_0 .var "softmax_done", 0 0;
v0x5591a7272bf0_0 .net "start_layer", 0 0, v0x5591a72717c0_0;  1 drivers
v0x5591a7272cc0_0 .net "state_out", 3 0, v0x5591a7271a20_0;  1 drivers
v0x5591a7272d90_0 .net "weight_layer_idx", 7 0, v0x5591a7271d60_0;  1 drivers
v0x5591a7272e60_0 .net "weight_load_en", 0 0, v0x5591a7271e40_0;  1 drivers
v0x5591a7272f30_0 .var "weight_ready", 0 0;
E_0x5591a7246490 .event posedge, v0x5591a7270850_0;
E_0x5591a7245ca0 .event negedge, v0x5591a7270850_0;
S_0x5591a72513a0 .scope module, "dut" "occp_pipeline_fsm" 3 12, 4 20 0, S_0x5591a7244020;
 .timescale -9 -12;
    .port_info 0 /INPUT 1 "clk";
    .port_info 1 /INPUT 1 "rst_n";
    .port_info 2 /INPUT 1 "host_start";
    .port_info 3 /INPUT 64 "metadata_in";
    .port_info 4 /INPUT 1 "metadata_valid";
    .port_info 5 /INPUT 1 "layer_done";
    .port_info 6 /INPUT 1 "softmax_done";
    .port_info 7 /INPUT 1 "weight_ready";
    .port_info 8 /OUTPUT 1 "sel_external";
    .port_info 9 /OUTPUT 1 "capture_loop";
    .port_info 10 /OUTPUT 1 "start_layer";
    .port_info 11 /OUTPUT 1 "buf_sel";
    .port_info 12 /OUTPUT 1 "weight_load_en";
    .port_info 13 /OUTPUT 8 "weight_layer_idx";
    .port_info 14 /OUTPUT 1 "output_token_valid";
    .port_info 15 /OUTPUT 1 "pipeline_busy";
    .port_info 16 /OUTPUT 8 "layer_counter_out";
    .port_info 17 /OUTPUT 4 "state_out";
P_0x5591a7251530 .param/l "MAX_LAYERS" 0 4 21, +C4<00000000000000000000000010000000>;
P_0x5591a7251570 .param/l "S_COMPUTE" 1 4 68, C4<0100>;
P_0x5591a72515b0 .param/l "S_ERROR" 1 4 72, C4<1000>;
P_0x5591a72515f0 .param/l "S_IDLE" 1 4 64, C4<0000>;
P_0x5591a7251630 .param/l "S_LOAD_LAYER_0" 1 4 67, C4<0011>;
P_0x5591a7251670 .param/l "S_LOAD_META" 1 4 65, C4<0001>;
P_0x5591a72516b0 .param/l "S_LOOP_CHECK" 1 4 70, C4<0110>;
P_0x5591a72516f0 .param/l "S_OUTPUT_TOKEN" 1 4 71, C4<0111>;
P_0x5591a7251730 .param/l "S_PREFETCH_W" 1 4 66, C4<0010>;
P_0x5591a7251770 .param/l "S_WAIT_DONE" 1 4 69, C4<0101>;
L_0x5591a724e3b0 .functor BUFZ 1, L_0x5591a7273130, C4<0>, C4<0>, C4<0>;
L_0x5591a7227620 .functor AND 1, L_0x5591a7273400, L_0x5591a7273520, C4<1>, C4<1>;
L_0x5591a72284d0 .functor AND 1, L_0x5591a72739a0, v0x5591a7272710_0, C4<1>, C4<1>;
L_0x5591a7273c70 .functor AND 1, L_0x5591a72284d0, L_0x5591a7273b80, C4<1>, C4<1>;
L_0x5591a7273db0 .functor BUFZ 8, v0x5591a7271350_0, C4<00000000>, C4<00000000>, C4<00000000>;
L_0x7f1b27350018 .functor BUFT 1, C4<00000001>, C4<0>, C4<0>, C4<0>;
v0x5591a7227780_0 .net/2u *"_ivl_0", 7 0, L_0x7f1b27350018;  1 drivers
v0x5591a7227820_0 .net *"_ivl_10", 7 0, L_0x5591a72732c0;  1 drivers
v0x5591a7228630_0 .net *"_ivl_12", 0 0, L_0x5591a7273400;  1 drivers
L_0x7f1b273500a8 .functor BUFT 1, C4<00000000>, C4<0>, C4<0>, C4<0>;
v0x5591a72286d0_0 .net/2u *"_ivl_14", 7 0, L_0x7f1b273500a8;  1 drivers
v0x5591a71f4370_0 .net *"_ivl_16", 0 0, L_0x5591a7273520;  1 drivers
L_0x7f1b273500f0 .functor BUFT 1, C4<00000001>, C4<0>, C4<0>, C4<0>;
v0x5591a726ff70_0 .net/2u *"_ivl_20", 7 0, L_0x7f1b273500f0;  1 drivers
v0x5591a7270050_0 .net *"_ivl_22", 7 0, L_0x5591a7273730;  1 drivers
L_0x7f1b27350138 .functor BUFT 1, C4<0001>, C4<0>, C4<0>, C4<0>;
v0x5591a7270130_0 .net/2u *"_ivl_26", 3 0, L_0x7f1b27350138;  1 drivers
v0x5591a7270210_0 .net *"_ivl_28", 0 0, L_0x5591a72739a0;  1 drivers
v0x5591a72702d0_0 .net *"_ivl_31", 0 0, L_0x5591a72284d0;  1 drivers
L_0x7f1b27350180 .functor BUFT 1, C4<0000>, C4<0>, C4<0>, C4<0>;
v0x5591a7270390_0 .net/2u *"_ivl_32", 3 0, L_0x7f1b27350180;  1 drivers
v0x5591a7270470_0 .net *"_ivl_34", 0 0, L_0x5591a7273b80;  1 drivers
L_0x7f1b27350060 .functor BUFT 1, C4<00000001>, C4<0>, C4<0>, C4<0>;
v0x5591a7270530_0 .net/2u *"_ivl_8", 7 0, L_0x7f1b27350060;  1 drivers
v0x5591a7270610_0 .net "buf_sel", 0 0, L_0x5591a724e3b0;  alias, 1 drivers
v0x5591a72706d0_0 .net "buf_sel_bit", 0 0, L_0x5591a7273130;  1 drivers
v0x5591a7270790_0 .var "capture_loop", 0 0;
v0x5591a7270850_0 .net "clk", 0 0, v0x5591a7272360_0;  1 drivers
v0x5591a7270910_0 .net "current_is_last", 0 0, L_0x5591a7227620;  1 drivers
v0x5591a72709d0_0 .net "has_next_layer", 0 0, L_0x5591a7273860;  1 drivers
v0x5591a7270a90_0 .net "host_start", 0 0, v0x5591a7272400_0;  1 drivers
v0x5591a7270b50_0 .var "is_last_layer", 0 0;
v0x5591a7270c10_0 .net "layer_counter_out", 7 0, L_0x5591a7273db0;  alias, 1 drivers
v0x5591a7270cf0_0 .net "layer_done", 0 0, v0x5591a7272570_0;  1 drivers
v0x5591a7270db0_0 .net "metadata_in", 63 0, v0x5591a7272640_0;  1 drivers
v0x5591a7270e90_0 .net "metadata_valid", 0 0, v0x5591a7272710_0;  1 drivers
v0x5591a7270f50_0 .net "next_layer_num", 7 0, L_0x5591a7273030;  1 drivers
v0x5591a7271030_0 .var "next_state", 3 0;
v0x5591a7271110_0 .var "output_token_valid", 0 0;
v0x5591a72711d0_0 .var "pipeline_busy", 0 0;
v0x5591a7271290_0 .net "rst_n", 0 0, v0x5591a7272980_0;  1 drivers
v0x5591a7271350_0 .var "running_count", 7 0;
v0x5591a7271430_0 .var "sel_external", 0 0;
v0x5591a72714f0_0 .net "softmax_done", 0 0, v0x5591a7272b20_0;  1 drivers
v0x5591a72717c0_0 .var "start_layer", 0 0;
v0x5591a7271880_0 .net "start_new_token", 0 0, L_0x5591a7273c70;  1 drivers
v0x5591a7271940_0 .var "state", 3 0;
v0x5591a7271a20_0 .var "state_out", 3 0;
v0x5591a7271b00_0 .var "token_pending", 0 0;
v0x5591a7271bc0_0 .var "token_pulse", 0 0;
v0x5591a7271c80_0 .var "total_layers_reg", 7 0;
v0x5591a7271d60_0 .var "weight_layer_idx", 7 0;
v0x5591a7271e40_0 .var "weight_load_en", 0 0;
v0x5591a7271f00_0 .net "weight_ready", 0 0, v0x5591a7272f30_0;  1 drivers
E_0x5591a7245a00/0 .event edge, v0x5591a7271940_0, v0x5591a7271350_0, v0x5591a72709d0_0, v0x5591a7270910_0;
E_0x5591a7245a00/1 .event edge, v0x5591a7270b50_0, v0x5591a7271bc0_0;
E_0x5591a7245a00 .event/or E_0x5591a7245a00/0, E_0x5591a7245a00/1;
E_0x5591a72456e0/0 .event negedge, v0x5591a7271290_0;
E_0x5591a72456e0/1 .event posedge, v0x5591a7270850_0;
E_0x5591a72456e0 .event/or E_0x5591a72456e0/0, E_0x5591a72456e0/1;
E_0x5591a7246af0/0 .event edge, v0x5591a7271940_0, v0x5591a7270a90_0, v0x5591a7270e90_0, v0x5591a7271f00_0;
E_0x5591a7246af0/1 .event edge, v0x5591a7270cf0_0, v0x5591a72714f0_0, v0x5591a7270b50_0, v0x5591a7271b00_0;
E_0x5591a7246af0 .event/or E_0x5591a7246af0/0, E_0x5591a7246af0/1;
L_0x5591a7273030 .arith/sum 8, v0x5591a7271350_0, L_0x7f1b27350018;
L_0x5591a7273130 .part L_0x5591a7273030, 0, 1;
L_0x5591a72732c0 .arith/sum 8, v0x5591a7271350_0, L_0x7f1b27350060;
L_0x5591a7273400 .cmp/ge 8, L_0x5591a72732c0, v0x5591a7271c80_0;
L_0x5591a7273520 .cmp/ne 8, v0x5591a7271c80_0, L_0x7f1b273500a8;
L_0x5591a7273730 .arith/sum 8, v0x5591a7271350_0, L_0x7f1b273500f0;
L_0x5591a7273860 .cmp/gt 8, v0x5591a7271c80_0, L_0x5591a7273730;
L_0x5591a72739a0 .cmp/eq 4, v0x5591a7271030_0, L_0x7f1b27350138;
L_0x5591a7273b80 .cmp/eq 4, v0x5591a7271940_0, L_0x7f1b27350180;
    .scope S_0x5591a72513a0;
T_0 ;
Ewait_0 .event/or E_0x5591a7246af0, E_0x0;
    %wait Ewait_0;
    %load/vec4 v0x5591a7271940_0;
    %store/vec4 v0x5591a7271030_0, 0, 4;
    %load/vec4 v0x5591a7271940_0;
    %dup/vec4;
    %pushi/vec4 0, 0, 4;
    %cmp/u;
    %jmp/1 T_0.0, 6;
    %dup/vec4;
    %pushi/vec4 1, 0, 4;
    %cmp/u;
    %jmp/1 T_0.1, 6;
    %dup/vec4;
    %pushi/vec4 2, 0, 4;
    %cmp/u;
    %jmp/1 T_0.2, 6;
    %dup/vec4;
    %pushi/vec4 3, 0, 4;
    %cmp/u;
    %jmp/1 T_0.3, 6;
    %dup/vec4;
    %pushi/vec4 4, 0, 4;
    %cmp/u;
    %jmp/1 T_0.4, 6;
    %dup/vec4;
    %pushi/vec4 5, 0, 4;
    %cmp/u;
    %jmp/1 T_0.5, 6;
    %dup/vec4;
    %pushi/vec4 6, 0, 4;
    %cmp/u;
    %jmp/1 T_0.6, 6;
    %dup/vec4;
    %pushi/vec4 7, 0, 4;
    %cmp/u;
    %jmp/1 T_0.7, 6;
    %dup/vec4;
    %pushi/vec4 8, 0, 4;
    %cmp/u;
    %jmp/1 T_0.8, 6;
    %pushi/vec4 8, 0, 4;
    %store/vec4 v0x5591a7271030_0, 0, 4;
    %jmp T_0.10;
T_0.0 ;
    %load/vec4 v0x5591a7270a90_0;
    %load/vec4 v0x5591a7270e90_0;
    %and;
    %flag_set/vec4 8;
    %jmp/0xz  T_0.11, 8;
    %pushi/vec4 1, 0, 4;
    %store/vec4 v0x5591a7271030_0, 0, 4;
T_0.11 ;
    %jmp T_0.10;
T_0.1 ;
    %pushi/vec4 2, 0, 4;
    %store/vec4 v0x5591a7271030_0, 0, 4;
    %jmp T_0.10;
T_0.2 ;
    %load/vec4 v0x5591a7271f00_0;
    %flag_set/vec4 8;
    %jmp/0xz  T_0.13, 8;
    %pushi/vec4 3, 0, 4;
    %store/vec4 v0x5591a7271030_0, 0, 4;
T_0.13 ;
    %jmp T_0.10;
T_0.3 ;
    %pushi/vec4 4, 0, 4;
    %store/vec4 v0x5591a7271030_0, 0, 4;
    %jmp T_0.10;
T_0.4 ;
    %pushi/vec4 5, 0, 4;
    %store/vec4 v0x5591a7271030_0, 0, 4;
    %jmp T_0.10;
T_0.5 ;
    %load/vec4 v0x5591a7270cf0_0;
    %load/vec4 v0x5591a72714f0_0;
    %and;
    %flag_set/vec4 8;
    %jmp/0xz  T_0.15, 8;
    %pushi/vec4 6, 0, 4;
    %store/vec4 v0x5591a7271030_0, 0, 4;
T_0.15 ;
    %jmp T_0.10;
T_0.6 ;
    %load/vec4 v0x5591a7270b50_0;
    %flag_set/vec4 8;
    %jmp/0xz  T_0.17, 8;
    %pushi/vec4 7, 0, 4;
    %store/vec4 v0x5591a7271030_0, 0, 4;
    %jmp T_0.18;
T_0.17 ;
    %pushi/vec4 2, 0, 4;
    %store/vec4 v0x5591a7271030_0, 0, 4;
T_0.18 ;
    %jmp T_0.10;
T_0.7 ;
    %load/vec4 v0x5591a7271b00_0;
    %nor/r;
    %flag_set/vec4 8;
    %jmp/0xz  T_0.19, 8;
    %pushi/vec4 0, 0, 4;
    %store/vec4 v0x5591a7271030_0, 0, 4;
T_0.19 ;
    %jmp T_0.10;
T_0.8 ;
    %pushi/vec4 0, 0, 4;
    %store/vec4 v0x5591a7271030_0, 0, 4;
    %jmp T_0.10;
T_0.10 ;
    %pop/vec4 1;
    %jmp T_0;
    .thread T_0, $push;
    .scope S_0x5591a72513a0;
T_1 ;
    %wait E_0x5591a72456e0;
    %load/vec4 v0x5591a7271290_0;
    %nor/r;
    %flag_set/vec4 8;
    %jmp/0xz  T_1.0, 8;
    %pushi/vec4 0, 0, 4;
    %assign/vec4 v0x5591a7271940_0, 0;
    %pushi/vec4 0, 0, 8;
    %assign/vec4 v0x5591a7271c80_0, 0;
    %jmp T_1.1;
T_1.0 ;
    %load/vec4 v0x5591a7271030_0;
    %assign/vec4 v0x5591a7271940_0, 0;
    %load/vec4 v0x5591a7271030_0;
    %pushi/vec4 1, 0, 4;
    %cmp/e;
    %flag_get/vec4 4;
    %load/vec4 v0x5591a7270e90_0;
    %and;
    %flag_set/vec4 8;
    %jmp/0xz  T_1.2, 8;
    %load/vec4 v0x5591a7270db0_0;
    %parti/s 8, 0, 2;
    %assign/vec4 v0x5591a7271c80_0, 0;
T_1.2 ;
    %load/vec4 v0x5591a7271940_0;
    %cmpi/e 8, 0, 4;
    %jmp/0xz  T_1.4, 4;
    %pushi/vec4 0, 0, 8;
    %assign/vec4 v0x5591a7271c80_0, 0;
T_1.4 ;
T_1.1 ;
    %jmp T_1;
    .thread T_1;
    .scope S_0x5591a72513a0;
T_2 ;
    %wait E_0x5591a72456e0;
    %load/vec4 v0x5591a7271290_0;
    %nor/r;
    %flag_set/vec4 8;
    %jmp/0xz  T_2.0, 8;
    %pushi/vec4 0, 0, 8;
    %assign/vec4 v0x5591a7271350_0, 0;
    %jmp T_2.1;
T_2.0 ;
    %load/vec4 v0x5591a7271880_0;
    %flag_set/vec4 8;
    %jmp/0xz  T_2.2, 8;
    %pushi/vec4 0, 0, 8;
    %assign/vec4 v0x5591a7271350_0, 0;
    %jmp T_2.3;
T_2.2 ;
    %load/vec4 v0x5591a7271940_0;
    %pushi/vec4 5, 0, 4;
    %cmp/e;
    %flag_get/vec4 4;
    %load/vec4 v0x5591a7270cf0_0;
    %and;
    %load/vec4 v0x5591a72714f0_0;
    %and;
    %flag_set/vec4 8;
    %jmp/0xz  T_2.4, 8;
    %load/vec4 v0x5591a7271350_0;
    %addi 1, 0, 8;
    %assign/vec4 v0x5591a7271350_0, 0;
    %jmp T_2.5;
T_2.4 ;
    %load/vec4 v0x5591a7271940_0;
    %cmpi/e 7, 0, 4;
    %flag_mov 8, 4;
    %load/vec4 v0x5591a7271940_0;
    %cmpi/e 8, 0, 4;
    %flag_or 4, 8;
    %jmp/0xz  T_2.6, 4;
    %pushi/vec4 0, 0, 8;
    %assign/vec4 v0x5591a7271350_0, 0;
T_2.6 ;
T_2.5 ;
T_2.3 ;
T_2.1 ;
    %jmp T_2;
    .thread T_2;
    .scope S_0x5591a72513a0;
T_3 ;
    %wait E_0x5591a72456e0;
    %load/vec4 v0x5591a7271290_0;
    %nor/r;
    %flag_set/vec4 8;
    %jmp/0xz  T_3.0, 8;
    %pushi/vec4 0, 0, 1;
    %assign/vec4 v0x5591a7271b00_0, 0;
    %pushi/vec4 0, 0, 1;
    %assign/vec4 v0x5591a7271bc0_0, 0;
    %jmp T_3.1;
T_3.0 ;
    %pushi/vec4 0, 0, 1;
    %assign/vec4 v0x5591a7271bc0_0, 0;
    %load/vec4 v0x5591a7271940_0;
    %pushi/vec4 5, 0, 4;
    %cmp/e;
    %flag_get/vec4 4;
    %load/vec4 v0x5591a7270cf0_0;
    %and;
    %load/vec4 v0x5591a72714f0_0;
    %and;
    %load/vec4 v0x5591a7270910_0;
    %and;
    %flag_set/vec4 8;
    %jmp/0xz  T_3.2, 8;
    %pushi/vec4 1, 0, 1;
    %assign/vec4 v0x5591a7271b00_0, 0;
    %jmp T_3.3;
T_3.2 ;
    %load/vec4 v0x5591a7271940_0;
    %cmpi/e 7, 0, 4;
    %jmp/0xz  T_3.4, 4;
    %load/vec4 v0x5591a7271b00_0;
    %assign/vec4 v0x5591a7271bc0_0, 0;
    %pushi/vec4 0, 0, 1;
    %assign/vec4 v0x5591a7271b00_0, 0;
    %jmp T_3.5;
T_3.4 ;
    %load/vec4 v0x5591a7271940_0;
    %cmpi/e 0, 0, 4;
    %flag_mov 8, 4;
    %load/vec4 v0x5591a7271940_0;
    %cmpi/e 8, 0, 4;
    %flag_or 4, 8;
    %jmp/0xz  T_3.6, 4;
    %pushi/vec4 0, 0, 1;
    %assign/vec4 v0x5591a7271b00_0, 0;
T_3.6 ;
T_3.5 ;
T_3.3 ;
T_3.1 ;
    %jmp T_3;
    .thread T_3;
    .scope S_0x5591a72513a0;
T_4 ;
Ewait_1 .event/or E_0x5591a7245a00, E_0x0;
    %wait Ewait_1;
    %pushi/vec4 0, 0, 1;
    %store/vec4 v0x5591a7271430_0, 0, 1;
    %pushi/vec4 0, 0, 1;
    %store/vec4 v0x5591a7270790_0, 0, 1;
    %pushi/vec4 0, 0, 1;
    %store/vec4 v0x5591a72717c0_0, 0, 1;
    %pushi/vec4 0, 0, 1;
    %store/vec4 v0x5591a7271e40_0, 0, 1;
    %pushi/vec4 0, 0, 8;
    %store/vec4 v0x5591a7271d60_0, 0, 8;
    %pushi/vec4 0, 0, 1;
    %store/vec4 v0x5591a7271110_0, 0, 1;
    %load/vec4 v0x5591a7271940_0;
    %pushi/vec4 0, 0, 4;
    %cmp/ne;
    %flag_get/vec4 4;
    %store/vec4 v0x5591a72711d0_0, 0, 1;
    %load/vec4 v0x5591a7271940_0;
    %store/vec4 v0x5591a7271a20_0, 0, 4;
    %load/vec4 v0x5591a7271940_0;
    %dup/vec4;
    %pushi/vec4 0, 0, 4;
    %cmp/u;
    %jmp/1 T_4.0, 6;
    %dup/vec4;
    %pushi/vec4 1, 0, 4;
    %cmp/u;
    %jmp/1 T_4.1, 6;
    %dup/vec4;
    %pushi/vec4 2, 0, 4;
    %cmp/u;
    %jmp/1 T_4.2, 6;
    %dup/vec4;
    %pushi/vec4 3, 0, 4;
    %cmp/u;
    %jmp/1 T_4.3, 6;
    %dup/vec4;
    %pushi/vec4 4, 0, 4;
    %cmp/u;
    %jmp/1 T_4.4, 6;
    %dup/vec4;
    %pushi/vec4 5, 0, 4;
    %cmp/u;
    %jmp/1 T_4.5, 6;
    %dup/vec4;
    %pushi/vec4 6, 0, 4;
    %cmp/u;
    %jmp/1 T_4.6, 6;
    %dup/vec4;
    %pushi/vec4 7, 0, 4;
    %cmp/u;
    %jmp/1 T_4.7, 6;
    %dup/vec4;
    %pushi/vec4 8, 0, 4;
    %cmp/u;
    %jmp/1 T_4.8, 6;
    %jmp T_4.10;
T_4.0 ;
    %pushi/vec4 1, 0, 1;
    %store/vec4 v0x5591a7271430_0, 0, 1;
    %jmp T_4.10;
T_4.1 ;
    %jmp T_4.10;
T_4.2 ;
    %pushi/vec4 1, 0, 1;
    %store/vec4 v0x5591a7271e40_0, 0, 1;
    %load/vec4 v0x5591a7271350_0;
    %addi 1, 0, 8;
    %store/vec4 v0x5591a7271d60_0, 0, 8;
    %jmp T_4.10;
T_4.3 ;
    %load/vec4 v0x5591a7271350_0;
    %pushi/vec4 0, 0, 8;
    %cmp/e;
    %flag_get/vec4 4;
    %store/vec4 v0x5591a7271430_0, 0, 1;
    %load/vec4 v0x5591a72709d0_0;
    %store/vec4 v0x5591a7271e40_0, 0, 1;
    %load/vec4 v0x5591a72709d0_0;
    %flag_set/vec4 8;
    %jmp/0xz  T_4.11, 8;
    %load/vec4 v0x5591a7271350_0;
    %addi 2, 0, 8;
    %store/vec4 v0x5591a7271d60_0, 0, 8;
T_4.11 ;
    %jmp T_4.10;
T_4.4 ;
    %pushi/vec4 1, 0, 1;
    %store/vec4 v0x5591a72717c0_0, 0, 1;
    %load/vec4 v0x5591a7271350_0;
    %pushi/vec4 0, 0, 8;
    %cmp/e;
    %flag_get/vec4 4;
    %store/vec4 v0x5591a7271430_0, 0, 1;
    %load/vec4 v0x5591a7270910_0;
    %nor/r;
    %store/vec4 v0x5591a7270790_0, 0, 1;
    %load/vec4 v0x5591a72709d0_0;
    %store/vec4 v0x5591a7271e40_0, 0, 1;
    %load/vec4 v0x5591a72709d0_0;
    %flag_set/vec4 8;
    %jmp/0xz  T_4.13, 8;
    %load/vec4 v0x5591a7271350_0;
    %addi 2, 0, 8;
    %store/vec4 v0x5591a7271d60_0, 0, 8;
T_4.13 ;
    %jmp T_4.10;
T_4.5 ;
    %load/vec4 v0x5591a7270910_0;
    %nor/r;
    %store/vec4 v0x5591a7270790_0, 0, 1;
    %jmp T_4.10;
T_4.6 ;
    %load/vec4 v0x5591a7270b50_0;
    %nor/r;
    %store/vec4 v0x5591a7270790_0, 0, 1;
    %jmp T_4.10;
T_4.7 ;
    %load/vec4 v0x5591a7271bc0_0;
    %store/vec4 v0x5591a7271110_0, 0, 1;
    %jmp T_4.10;
T_4.8 ;
    %jmp T_4.10;
T_4.10 ;
    %pop/vec4 1;
    %jmp T_4;
    .thread T_4, $push;
    .scope S_0x5591a7244020;
T_5 ;
    %pushi/vec4 0, 0, 1;
    %store/vec4 v0x5591a7272360_0, 0, 1;
    %end;
    .thread T_5, $init;
    .scope S_0x5591a7244020;
T_6 ;
    %delay 5000, 0;
    %load/vec4 v0x5591a7272360_0;
    %inv;
    %store/vec4 v0x5591a7272360_0, 0, 1;
    %jmp T_6;
    .thread T_6;
    .scope S_0x5591a7244020;
T_7 ;
    %vpi_call/w 3 14 "$display", "time | state cnt ldi run tot pend pulse" {0 0 0};
    %pushi/vec4 0, 0, 1;
    %store/vec4 v0x5591a7272980_0, 0, 1;
    %pushi/vec4 0, 0, 1;
    %store/vec4 v0x5591a7272400_0, 0, 1;
    %pushi/vec4 0, 0, 1;
    %store/vec4 v0x5591a7272710_0, 0, 1;
    %pushi/vec4 0, 0, 64;
    %store/vec4 v0x5591a7272640_0, 0, 64;
    %pushi/vec4 0, 0, 1;
    %store/vec4 v0x5591a7272570_0, 0, 1;
    %pushi/vec4 0, 0, 1;
    %store/vec4 v0x5591a7272b20_0, 0, 1;
    %pushi/vec4 0, 0, 1;
    %store/vec4 v0x5591a7272f30_0, 0, 1;
    %delay 25000, 0;
    %pushi/vec4 1, 0, 1;
    %store/vec4 v0x5591a7272980_0, 0, 1;
    %wait E_0x5591a7245ca0;
    %pushi/vec4 1, 0, 1;
    %store/vec4 v0x5591a7272400_0, 0, 1;
    %pushi/vec4 3, 0, 8;
    %ix/load 4, 0, 0;
    %flag_set/imm 4, 0;
    %store/vec4 v0x5591a7272640_0, 4, 8;
    %pushi/vec4 1, 0, 1;
    %store/vec4 v0x5591a7272710_0, 0, 1;
    %wait E_0x5591a7245ca0;
    %pushi/vec4 0, 0, 1;
    %store/vec4 v0x5591a7272400_0, 0, 1;
    %pushi/vec4 0, 0, 1;
    %store/vec4 v0x5591a7272710_0, 0, 1;
    %pushi/vec4 24, 0, 32;
T_7.0 %dup/vec4;
    %pushi/vec4 0, 0, 32;
    %cmp/s;
    %jmp/1xz T_7.1, 5;
    %jmp/1 T_7.1, 4;
    %pushi/vec4 1, 0, 32;
    %sub;
    %wait E_0x5591a7246490;
    %delay 1000, 0;
    %vpi_call/w 3 23 "$display", "%4t | %0d %0d %0d %0d %0d %b %b", $time, v0x5591a7272cc0_0, v0x5591a72724d0_0, v0x5591a7272d90_0, v0x5591a7271350_0, v0x5591a7271c80_0, v0x5591a7271b00_0, v0x5591a7271bc0_0 {0 0 0};
    %load/vec4 v0x5591a7272cc0_0;
    %cmpi/e 2, 0, 4;
    %jmp/0xz  T_7.2, 4;
    %pushi/vec4 1, 0, 1;
    %store/vec4 v0x5591a7272f30_0, 0, 1;
    %jmp T_7.3;
T_7.2 ;
    %pushi/vec4 0, 0, 1;
    %store/vec4 v0x5591a7272f30_0, 0, 1;
T_7.3 ;
    %load/vec4 v0x5591a7272cc0_0;
    %cmpi/e 5, 0, 4;
    %jmp/0xz  T_7.4, 4;
    %pushi/vec4 1, 0, 1;
    %store/vec4 v0x5591a7272570_0, 0, 1;
    %pushi/vec4 1, 0, 1;
    %store/vec4 v0x5591a7272b20_0, 0, 1;
    %jmp T_7.5;
T_7.4 ;
    %pushi/vec4 0, 0, 1;
    %store/vec4 v0x5591a7272570_0, 0, 1;
    %pushi/vec4 0, 0, 1;
    %store/vec4 v0x5591a7272b20_0, 0, 1;
T_7.5 ;
    %jmp T_7.0;
T_7.1 ;
    %pop/vec4 1;
    %vpi_call/w 3 31 "$finish" {0 0 0};
    %end;
    .thread T_7;
# The file index is used to find the file name in the following table.
:file_names 5;
    "N/A";
    "<interactive>";
    "-";
    "sim/dbg_fsm2.sv";
    "rtl/control/occp_pipeline_fsm.sv";
